Archive member included to satisfy reference by file (symbol)

c:/program files (x86)/atmel/studio/7.0/toolchain/avr8/avr8-gnu-toolchain/bin/../lib/gcc/avr/5.4.0/../../../../avr/lib/avr5\libm.a(addsf3.o)
                              distanceSensor.o (__subsf3)
c:/program files (x86)/atmel/studio/7.0/toolchain/avr8/avr8-gnu-toolchain/bin/../lib/gcc/avr/5.4.0/../../../../avr/lib/avr5\libm.a(addsf3x.o)
                              c:/program files (x86)/atmel/studio/7.0/toolchain/avr8/avr8-gnu-toolchain/bin/../lib/gcc/avr/5.4.0/../../../../avr/lib/avr5\libm.a(addsf3.o) (__addsf3x)
c:/program files (x86)/atmel/studio/7.0/toolchain/avr8/avr8-gnu-toolchain/bin/../lib/gcc/avr/5.4.0/../../../../avr/lib/avr5\libm.a(atan.o)
                              distanceSensor.o (atan)
c:/program files (x86)/atmel/studio/7.0/toolchain/avr8/avr8-gnu-toolchain/bin/../lib/gcc/avr/5.4.0/../../../../avr/lib/avr5\libm.a(cmpsf2.o)
                              distanceSensor.o (__lesf2)
c:/program files (x86)/atmel/studio/7.0/toolchain/avr8/avr8-gnu-toolchain/bin/../lib/gcc/avr/5.4.0/../../../../avr/lib/avr5\libm.a(divsf3.o)
                              distanceSensor.o (__divsf3)
c:/program files (x86)/atmel/studio/7.0/toolchain/avr8/avr8-gnu-toolchain/bin/../lib/gcc/avr/5.4.0/../../../../avr/lib/avr5\libm.a(divsf3x.o)
                              c:/program files (x86)/atmel/studio/7.0/toolchain/avr8/avr8-gnu-toolchain/bin/../lib/gcc/avr/5.4.0/../../../../avr/lib/avr5\libm.a(divsf3.o) (__divsf3x)
c:/program files (x86)/atmel/studio/7.0/toolchain/avr8/avr8-gnu-toolchain/bin/../lib/gcc/avr/5.4.0/../../../../avr/lib/avr5\libm.a(fixsfsi.o)
                              distanceSensor.o (__fixsfsi)
c:/program files (x86)/atmel/studio/7.0/toolchain/avr8/avr8-gnu-toolchain/bin/../lib/gcc/avr/5.4.0/../../../../avr/lib/avr5\libm.a(fixunssfsi.o)
                              c:/program files (x86)/atmel/studio/7.0/toolchain/avr8/avr8-gnu-toolchain/bin/../lib/gcc/avr/5.4.0/../../../../avr/lib/avr5\libm.a(fixsfsi.o) (__fixunssfsi)
c:/program files (x86)/atmel/studio/7.0/toolchain/avr8/avr8-gnu-toolchain/bin/../lib/gcc/avr/5.4.0/../../../../avr/lib/avr5\libm.a(floatsisf.o)
                              distanceSensor.o (__floatunsisf)
c:/program files (x86)/atmel/studio/7.0/toolchain/avr8/avr8-gnu-toolchain/bin/../lib/gcc/avr/5.4.0/../../../../avr/lib/avr5\libm.a(fp_cmp.o)
                              c:/program files (x86)/atmel/studio/7.0/toolchain/avr8/avr8-gnu-toolchain/bin/../lib/gcc/avr/5.4.0/../../../../avr/lib/avr5\libm.a(cmpsf2.o) (__fp_cmp)
c:/program files (x86)/atmel/studio/7.0/toolchain/avr8/avr8-gnu-toolchain/bin/../lib/gcc/avr/5.4.0/../../../../avr/lib/avr5\libm.a(fp_inf.o)
                              c:/program files (x86)/atmel/studio/7.0/toolchain/avr8/avr8-gnu-toolchain/bin/../lib/gcc/avr/5.4.0/../../../../avr/lib/avr5\libm.a(addsf3x.o) (__fp_inf)
c:/program files (x86)/atmel/studio/7.0/toolchain/avr8/avr8-gnu-toolchain/bin/../lib/gcc/avr/5.4.0/../../../../avr/lib/avr5\libm.a(fp_nan.o)
                              c:/program files (x86)/atmel/studio/7.0/toolchain/avr8/avr8-gnu-toolchain/bin/../lib/gcc/avr/5.4.0/../../../../avr/lib/avr5\libm.a(addsf3x.o) (__fp_nan)
c:/program files (x86)/atmel/studio/7.0/toolchain/avr8/avr8-gnu-toolchain/bin/../lib/gcc/avr/5.4.0/../../../../avr/lib/avr5\libm.a(fp_powser.o)
                              c:/program files (x86)/atmel/studio/7.0/toolchain/avr8/avr8-gnu-toolchain/bin/../lib/gcc/avr/5.4.0/../../../../avr/lib/avr5\libm.a(atan.o) (__fp_powser)
c:/program files (x86)/atmel/studio/7.0/toolchain/avr8/avr8-gnu-toolchain/bin/../lib/gcc/avr/5.4.0/../../../../avr/lib/avr5\libm.a(fp_pscA.o)
                              c:/program files (x86)/atmel/studio/7.0/toolchain/avr8/avr8-gnu-toolchain/bin/../lib/gcc/avr/5.4.0/../../../../avr/lib/avr5\libm.a(addsf3x.o) (__fp_pscA)
c:/program files (x86)/atmel/studio/7.0/toolchain/avr8/avr8-gnu-toolchain/bin/../lib/gcc/avr/5.4.0/../../../../avr/lib/avr5\libm.a(fp_pscB.o)
                              c:/program files (x86)/atmel/studio/7.0/toolchain/avr8/avr8-gnu-toolchain/bin/../lib/gcc/avr/5.4.0/../../../../avr/lib/avr5\libm.a(addsf3x.o) (__fp_pscB)
c:/program files (x86)/atmel/studio/7.0/toolchain/avr8/avr8-gnu-toolchain/bin/../lib/gcc/avr/5.4.0/../../../../avr/lib/avr5\libm.a(fp_round.o)
                              c:/program files (x86)/atmel/studio/7.0/toolchain/avr8/avr8-gnu-toolchain/bin/../lib/gcc/avr/5.4.0/../../../../avr/lib/avr5\libm.a(addsf3.o) (__fp_round)
c:/program files (x86)/atmel/studio/7.0/toolchain/avr8/avr8-gnu-toolchain/bin/../lib/gcc/avr/5.4.0/../../../../avr/lib/avr5\libm.a(fp_split3.o)
                              c:/program files (x86)/atmel/studio/7.0/toolchain/avr8/avr8-gnu-toolchain/bin/../lib/gcc/avr/5.4.0/../../../../avr/lib/avr5\libm.a(addsf3x.o) (__fp_split3)
c:/program files (x86)/atmel/studio/7.0/toolchain/avr8/avr8-gnu-toolchain/bin/../lib/gcc/avr/5.4.0/../../../../avr/lib/avr5\libm.a(fp_zero.o)
[...]
Memory Configuration

Name             Origin             Length             Attributes
text             0x00000000         0x00020000         xr
data             0x00800060         0x0000ffa0         rw !x
eeprom           0x00810000         0x00010000         rw !x
fuse             0x00820000         0x00000003         rw !x
lock             0x00830000         0x00000400         rw !x
signature        0x00840000         0x00000400         rw !x
user_signatures  0x00850000         0x00000400         rw !x
*default*        0x00000000         0xffffffff

Linker script and memory map

Address of section .data set to 0x800100
LOAD C:/Program Files (x86)/Atmel/Studio/7.0/Packs/atmel/ATmega_DFP/1.3.300/gcc/dev/atmega328p/avr5/crtatmega328p.o
LOAD distanceSensor.o
LOAD main.o
LOAD screenController.o
LOAD U8G2/avr-hw-i2c/twimastertimeout.o
LOAD U8G2/u8g2_bitmap.o
LOAD U8G2/u8g2_box.o
LOAD U8G2/u8g2_buffer.o
LOAD U8G2/u8g2_circle.o
LOAD U8G2/u8g2_cleardisplay.o
LOAD U8G2/u8g2_d_memory.o
LOAD U8G2/u8g2_d_setup.o
LOAD U8G2/u8g2_font.o
LOAD U8G2/u8g2_fonts.o
LOAD U8G2/u8g2_hvline.o
LOAD U8G2/u8g2_input_value.o
LOAD U8G2/u8g2_intersection.o
LOAD U8G2/u8g2_kerning.o
LOAD U8G2/u8g2_line.o
LOAD U8G2/u8g2_ll_hvline.o
LOAD U8G2/u8g2_message.o
LOAD U8G2/u8g2_polygon.o
LOAD U8G2/u8g2_selection_list.o
LOAD U8G2/u8g2_setup.o
LOAD U8G2/u8log.o
LOAD U8G2/u8log_u8g2.o
LOAD U8G2/u8log_u8x8.o
LOAD U8G2/u8x8_8x8.o
LOAD U8G2/u8x8_avr.o
LOAD U8G2/u8x8_byte.o
LOAD U8G2/u8x8_cad.o
LOAD U8G2/u8x8_capture.o
LOAD U8G2/u8x8_debounce.o
LOAD U8G2/u8x8_display.o
LOAD U8G2/u8x8_d_a2printer.o
LOAD U8G2/u8x8_d_il3820_296x128.o
LOAD U8G2/u8x8_d_ist3020.o
LOAD U8G2/u8x8_d_ist7920.o
LOAD U8G2/u8x8_d_ks0108.o
LOAD U8G2/u8x8_d_lc7981.o
LOAD U8G2/u8x8_d_ld7032_60x32.o
LOAD U8G2/u8x8_d_ls013b7dh03.o
LOAD U8G2/u8x8_d_max7219.o
LOAD U8G2/u8x8_d_pcd8544_84x48.o
LOAD U8G2/u8x8_d_pcf8812.o
LOAD U8G2/u8x8_d_pcf8814_hx1230.o
LOAD U8G2/u8x8_d_sbn1661.o
LOAD U8G2/u8x8_d_sed1330.o
LOAD U8G2/u8x8_d_sh1106_64x32.o
LOAD U8G2/u8x8_d_sh1106_72x40.o
LOAD U8G2/u8x8_d_sh1107.o
LOAD U8G2/u8x8_d_sh1108.o
LOAD U8G2/u8x8_d_sh1122.o
LOAD U8G2/u8x8_d_ssd1305.o
LOAD U8G2/u8x8_d_ssd1306_128x32.o
LOAD U8G2/u8x8_d_ssd1306_128x64_noname.o
LOAD U8G2/u8x8_d_ssd1306_2040x16.o
LOAD U8G2/u8x8_d_ssd1306_48x64.o
LOAD U8G2/u8x8_d_ssd1306_64x32.o
LOAD U8G2/u8x8_d_ssd1306_64x48.o
LOAD U8G2/u8x8_d_ssd1306_72x40.o
LOAD U8G2/u8x8_d_ssd1306_96x16.o
LOAD U8G2/u8x8_d_ssd1309.o
LOAD U8G2/u8x8_d_ssd1316.o
LOAD U8G2/u8x8_d_ssd1317.o
LOAD U8G2/u8x8_d_ssd1318.o
LOAD U8G2/u8x8_d_ssd1322.o
LOAD U8G2/u8x8_d_ssd1325.o
LOAD U8G2/u8x8_d_ssd1326.o
LOAD U8G2/u8x8_d_ssd1327.o
LOAD U8G2/u8x8_d_ssd1329.o
LOAD U8G2/u8x8_d_ssd1606_172x72.o
LOAD U8G2/u8x8_d_ssd1607_200x200.o
LOAD U8G2/u8x8_d_st7511.o
LOAD U8G2/u8x8_d_st75256.o
LOAD U8G2/u8x8_d_st7528.o
LOAD U8G2/u8x8_d_st75320.o
LOAD U8G2/u8x8_d_st7565.o
LOAD U8G2/u8x8_d_st7567.o
LOAD U8G2/u8x8_d_st7586s_erc240160.o
LOAD U8G2/u8x8_d_st7586s_s028hn118a.o
LOAD U8G2/u8x8_d_st7588.o
LOAD U8G2/u8x8_d_st7920.o
LOAD U8G2/u8x8_d_stdio.o
LOAD U8G2/u8x8_d_t6963.o
LOAD U8G2/u8x8_d_uc1601.o
LOAD U8G2/u8x8_d_uc1604.o
LOAD U8G2/u8x8_d_uc1608.o
LOAD U8G2/u8x8_d_uc1610.o
LOAD U8G2/u8x8_d_uc1611.o
LOAD U8G2/u8x8_d_uc1617.o
LOAD U8G2/u8x8_d_uc1638.o
LOAD U8G2/u8x8_d_uc1701_dogs102.o
LOAD U8G2/u8x8_d_uc1701_mini12864.o
LOAD U8G2/u8x8_fonts.o
LOAD U8G2/u8x8_gpio.o
LOAD U8G2/u8x8_input_value.o
LOAD U8G2/u8x8_message.o
LOAD U8G2/u8x8_selection_list.o
LOAD U8G2/u8x8_setup.o
LOAD U8G2/u8x8_string.o
LOAD U8G2/u8x8_u16toa.o
LOAD U8G2/u8x8_u8toa.o
START GROUP
LOAD c:/program files (x86)/atmel/studio/7.0/toolchain/avr8/avr8-gnu-toolchain/bin/../lib/gcc/avr/5.4.0/../../../../avr/lib/avr5\libm.a
END GROUP
START GROUP
LOAD c:/program files (x86)/atmel/studio/7.0/toolchain/avr8/avr8-gnu-toolchain/bin/../lib/gcc/avr/5.4.0/avr5\libgcc.a
LOAD c:/program files (x86)/atmel/studio/7.0/toolchain/avr8/avr8-gnu-toolchain/bin/../lib/gcc/avr/5.4.0/../../../../avr/lib/avr5\libm.a
LOAD c:/program files (x86)/atmel/studio/7.0/toolchain/avr8/avr8-gnu-toolchain/bin/../lib/gcc/avr/5.4.0/../../../../avr/lib/avr5\libc.a
LOAD C:/Program Files (x86)/Atmel/Studio/7.0/Packs/atmel/ATmega_DFP/1.3.300/gcc/dev/atmega328p/avr5\libatmega328p.a
END GROUP
                0x00000000                __TEXT_REGION_ORIGIN__ = DEFINED (__TEXT_REGION_ORIGIN__)?__TEXT_REGION_ORIGIN__:0x0
                0x00800060                __DATA_REGION_ORIGIN__ = DEFINED (__DATA_REGION_ORIGIN__)?__DATA_REGION_ORIGIN__:0x800060
                0x00020000                __TEXT_REGION_LENGTH__ = DEFINED (__TEXT_REGION_LENGTH__)?__TEXT_REGION_LENGTH__:0x20000
                0x0000ffa0                __DATA_REGION_LENGTH__ = DEFINED (__DATA_REGION_LENGTH__)?__DATA_REGION_LENGTH__:0xffa0
                0x00010000                __EEPROM_REGION_LENGTH__ = DEFINED (__EEPROM_REGION_LENGTH__)?__EEPROM_REGION_LENGTH__:0x10000
                [0x00000003]                __FUSE_REGION_LENGTH__ = DEFINED (__FUSE_REGION_LENGTH__)?__FUSE_REGION_LENGTH__:0x400
                0x00000400                __LOCK_REGION_LENGTH__ = DEFINED (__LOCK_REGION_LENGTH__)?__LOCK_REGION_LENGTH__:0x400
                0x00000400                __SIGNATURE_REGION_LENGTH__ = DEFINED (__SIGNATURE_REGION_LENGTH__)?__SIGNATURE_REGION_LENGTH__:0x400
                0x00000400                __USER_SIGNATURE_REGION_LENGTH__ = DEFINED (__USER_SIGNATURE_REGION_LENGTH__)?__USER_SIGNATURE_REGION_LENGTH__:0x400

.hash
 *(.hash)

.dynsym
 *(.dynsym)

.dynstr
 *(.dynstr)

.gnu.version
 *(.gnu.version)

.gnu.version_d
 *(.gnu.version_d)

.gnu.version_r
 *(.gnu.version_r)

.rel.init
 *(.rel.init)

.rela.init
 *(.rela.init)

.rel.text
 *(.rel.text)
 *(.rel.text.*)
 *(.rel.gnu.linkonce.t*)

.rela.text
 *(.rela.text)
 *(.rela.text.*)
 *(.rela.gnu.linkonce.t*)

.rel.fini
 *(.rel.fini)

.rela.fini
 *(.rela.fini)

.rel.rodata
 *(.rel.rodata)
 *(.rel.rodata.*)
 *(.rel.gnu.linkonce.r*)

.rela.rodata
 *(.rela.rodata)
 *(.rela.rodata.*)
 *(.rela.gnu.linkonce.r*)

.rel.data
 *(.rel.data)
 *(.rel.data.*)
 *(.rel.gnu.linkonce.d*)

.rela.data
 *(.rela.data)
 *(.rela.data.*)
 *(.rela.gnu.linkonce.d*)

.rel.ctors
 *(.rel.ctors)

.rela.ctors
 *(.rela.ctors)

.rel.dtors
 *(.rel.dtors)

.rela.dtors
 *(.rela.dtors)

.rel.got
 *(.rel.got)

.rela.got
 *(.rela.got)

.rel.bss
 *(.rel.bss)

.rela.bss
 *(.rela.bss)

.rel.plt
 *(.rel.plt)

.rela.plt
 *(.rela.plt)

.text           0x00000000     0x47a4
 *(.vectors)
 .vectors       0x00000000       0x68 C:/Program Files (x86)/Atmel/Studio/7.0/Packs/atmel/ATmega_DFP/1.3.300/gcc/dev/atmega328p/avr5/crtatmega328p.o
                0x00000000                __vectors
                0x00000000                __vector_default
 *(.vectors)
 *(.progmem.gcc*)
 .progmem.gcc_fplib
                0x00000068       0x2d c:/program files (x86)/atmel/studio/7.0/toolchain/avr8/avr8-gnu-toolchain/bin/../lib/gcc/avr/5.4.0/../../../../avr/lib/avr5\libm.a(atan.o)
                0x00000096                . = ALIGN (0x2)
 *fill*         0x00000095        0x1 
                0x00000096                __trampolines_start = .
 *(.trampolines)
 .trampolines   0x00000096        0x0 linker stubs
 *(.trampolines*)
                0x00000096                __trampolines_end = .
 *libprintf_flt.a:*(.progmem.data)
 *libc.a:*(.progmem.data)
 *(.progmem*)
 .progmem.u8g2_font_6x10_tf
                0x00000096      0x7e1 U8G2/u8g2_fonts.o
                0x00000096                u8g2_font_6x10_tf
 .progmem.u8g2_font_5x7_tf
                0x00000877      0x68d U8G2/u8g2_fonts.o
                0x00000877                u8g2_font_5x7_tf
                0x00000f04                . = ALIGN (0x2)
 *(.jumptables)
 *(.jumptables*)
 *(.lowtext)
 *(.lowtext*)
                0x00000f04                __ctors_start = .
 *(.ctors)
                0x00000f04                __ctors_end = .
                0x00000f04                __dtors_start = .
 *(.dtors)
                0x00000f04                __dtors_end = .
 SORT(*)(.ctors)
 SORT(*)(.dtors)
 *(.init0)
 .init0         0x00000f04        0x0 C:/Program Files (x86)/Atmel/Studio/7.0/Packs/atmel/ATmega_DFP/1.3.300/gcc/dev/atmega328p/avr5/crtatmega328p.o
                0x00000f04                __init
 *(.init0)
 *(.init1)
 *(.init1)
 *(.init2)
 .init2         0x00000f04        0xc C:/Program Files (x86)/Atmel/Studio/7.0/Packs/atmel/ATmega_DFP/1.3.300/gcc/dev/atmega328p/avr5/crtatmega328p.o
 *(.init2)
 *(.init3)
 *(.init3)
 *(.init4)
 .init4         0x00000f10       0x16 c:/program files (x86)/atmel/studio/7.0/toolchain/avr8/avr8-gnu-toolchain/bin/../lib/gcc/avr/5.4.0/avr5\libgcc.a(_copy_data.o)
                0x00000f10                __do_copy_data
 .init4         0x00000f26       0x10 c:/program files (x86)/atmel/studio/7.0/toolchain/avr8/avr8-gnu-toolchain/bin/../lib/gcc/avr/5.4.0/avr5\libgcc.a(_clear_bss.o)
                0x00000f26                __do_clear_bss
 *(.init4)
 *(.init5)
 *(.init5)
 *(.init6)
 *(.init6)
 *(.init7)
 *(.init7)
 *(.init8)
 *(.init8)
 *(.init9)
 .init9         0x00000f36        0x8 C:/Program Files (x86)/Atmel/Studio/7.0/Packs/atmel/ATmega_DFP/1.3.300/gcc/dev/atmega328p/avr5/crtatmega328p.o
 *(.init9)
 *(.text)
 .text          0x00000f3e        0x4 C:/Program Files (x86)/Atmel/Studio/7.0/Packs/atmel/ATmega_DFP/1.3.300/gcc/dev/atmega328p/avr5/crtatmega328p.o
                0x00000f3e                __vector_21
                0x00000f3e                __vector_22
                0x00000f3e                __vector_20
                0x00000f3e                __vector_24
                0x00000f3e                __vector_23
                0x00000f3e                __vector_25
                0x00000f3e                __vector_12
                0x00000f3e                __vector_13
                0x00000f3e                __vector_10
                0x00000f3e                __vector_19
                0x00000f3e                __vector_18
                0x00000f3e                __vector_11
                0x00000f3e                __vector_4
                0x00000f3e                __vector_9
                0x00000f3e                __vector_2
                0x00000f3e                __vector_1
                0x00000f3e                __vector_7
                0x00000f3e                __vector_6
                0x00000f3e                __vector_8
                0x00000f3e                __vector_14
                0x00000f3e                __vector_16
                0x00000f3e                __vector_17
                0x00000f3e                __bad_interrupt
                0x00000f42                . = ALIGN (0x2)
 *(.text.*)
 .text.initDistanceSensor
                0x00000f42       0x32 distanceSensor.o
                0x00000f42                initDistanceSensor
 .text.sendTriggPulse
                0x00000f74       0x38 distanceSensor.o
                0x00000f74                sendTriggPulse
 .text.angleCalculator
                0x00000fac      0x188 distanceSensor.o
                0x00000fac                angleCalculator
 .text.__vector_3
                0x00001134      0x244 distanceSensor.o
                0x00001134                __vector_3
 .text.setup_display
                0x00001378       0x36 main.o
                0x00001378                setup_display
 .text.soundEchoCycle
                0x000013ae       0x60 main.o
                0x000013ae                soundEchoCycle
 .text.main     0x0000140e       0x18 main.o
                0x0000140e                main
 .text.u8g2_setup
                0x00001426       0xc2 screenController.o
                0x00001426                u8g2_setup
 .text.sys_init
                0x000014e8        0xc screenController.o
                0x000014e8                sys_init
 .text.timeInit
                0x000014f4       0x26 screenController.o
                0x000014f4                timeInit
 .text.__vector_15
                0x0000151a       0xd4 screenController.o
                0x0000151a                __vector_15
 .text.getTimeToChar
                0x000015ee       0xec screenController.o
                0x000015ee                getTimeToChar
 .text.ADCinit  0x000016da       0x16 screenController.o
                0x000016da                ADCinit
 .text.updateBatterySens
                0x000016f0        0xa screenController.o
                0x000016f0                updateBatterySens
 .text.choiceAdder
                0x000016fa       0xde screenController.o
                0x000016fa                choiceAdder
 .text.pageHistory
                0x000017d8       0x66 screenController.o
                0x000017d8                pageHistory
 .text.pageSel  0x0000183e       0x48 screenController.o
                0x0000183e                pageSel
 .text.__vector_5
                0x00001886       0x62 screenController.o
                0x00001886                __vector_5
 .text.but_init
                0x000018e8       0x78 screenController.o
                0x000018e8                but_init
 .text.updateButtons
                0x00001960       0x80 screenController.o
                0x00001960                updateButtons
 .text.MenuStyle0
                0x000019e0      0x2e2 screenController.o
                0x000019e0                MenuStyle0
 .text.MenuStyle1
                0x00001cc2      0x272 screenController.o
                0x00001cc2                MenuStyle1
 .text.StartPage
                0x00001f34       0xc2 screenController.o
                0x00001f34                StartPage
 .text.nopage   0x00001ff6       0x1e screenController.o
                0x00001ff6                nopage
 .text.ScreenOverlay
                0x00002014      0x18a screenController.o
                0x00002014                ScreenOverlay
 .text.Page_2   0x0000219e      0x18c screenController.o
                0x0000219e                Page_2
 .text.Page_3   0x0000232a       0x2a screenController.o
                0x0000232a                Page_3
 .text.Page_4   0x00002354       0x2a screenController.o
                0x00002354                Page_4
 .text.Page_5   0x0000237e      0x29a screenController.o
                0x0000237e                Page_5
 .text.draw     0x00002618       0x76 screenController.o
                0x00002618                draw
 .text.screenRoutine
                0x0000268e       0x38 screenController.o
                0x0000268e                screenRoutine
 .text.i2c_init
                0x000026c6        0xc U8G2/avr-hw-i2c/twimastertimeout.o
                0x000026c6                i2c_init
 .text.i2c_start_wait
                0x000026d2       0x80 U8G2/avr-hw-i2c/twimastertimeout.o
                0x000026d2                i2c_start_wait
 .text.i2c_stop
                0x00002752       0x20 U8G2/avr-hw-i2c/twimastertimeout.o
                0x00002752                i2c_stop
 .text.i2c_write
                0x00002772       0x42 U8G2/avr-hw-i2c/twimastertimeout.o
                0x00002772                i2c_write
 .text.u8g2_DrawBox
                0x000027b4       0x50 U8G2/u8g2_box.o
                0x000027b4                u8g2_DrawBox
 .text.u8g2_DrawFrame
                0x00002804       0x84 U8G2/u8g2_box.o
                0x00002804                u8g2_DrawFrame
 .text.u8g2_DrawRBox
                0x00002888       0xe8 U8G2/u8g2_box.o
                0x00002888                u8g2_DrawRBox
 .text.u8g2_DrawRFrame
                0x00002970       0xf6 U8G2/u8g2_box.o
                0x00002970                u8g2_DrawRFrame
 .text.u8g2_send_buffer
                0x00002a66       0x98 U8G2/u8g2_buffer.o
 .text.u8g2_ClearBuffer
                0x00002afe       0x2c U8G2/u8g2_buffer.o
                0x00002afe                u8g2_ClearBuffer
 .text.u8g2_SendBuffer
                0x00002b2a       0x16 U8G2/u8g2_buffer.o
                0x00002b2a                u8g2_SendBuffer
 .text.u8g2_draw_circle_section
                0x00002b40       0xa4 U8G2/u8g2_circle.o
 .text.u8g2_draw_disc_section
                0x00002be4       0xbc U8G2/u8g2_circle.o
 .text.u8g2_DrawCircle
                0x00002ca0       0xa4 U8G2/u8g2_circle.o
                0x00002ca0                u8g2_DrawCircle
 .text.u8g2_DrawDisc
                0x00002d44       0xa4 U8G2/u8g2_circle.o
                0x00002d44                u8g2_DrawDisc
 .text.u8g2_m_16_8_f
                0x00002de8        0xc U8G2/u8g2_d_memory.o
                0x00002de8                u8g2_m_16_8_f
 .text.u8g2_Setup_ssd1306_i2c_128x64_noname_f
                0x00002df4       0x56 U8G2/u8g2_d_setup.o
                0x00002df4                u8g2_Setup_ssd1306_i2c_128x64_noname_f
 .text.u8g2_font_get_word
                0x00002e4a       0x18 U8G2/u8g2_font.o
 .text.u8g2_font_calc_vref_font
                0x00002e62        0x4 U8G2/u8g2_font.o
                0x00002e62                u8g2_font_calc_vref_font
 .text.u8g2_read_font_info
                0x00002e66       0xbe U8G2/u8g2_font.o
                0x00002e66                u8g2_read_font_info
 .text.u8g2_font_decode_get_unsigned_bits
                0x00002f24       0x60 U8G2/u8g2_font.o
                0x00002f24                u8g2_font_decode_get_unsigned_bits
 .text.u8g2_font_setup_decode
                0x00002f84       0x5c U8G2/u8g2_font.o
 .text.u8g2_font_decode_get_signed_bits
                0x00002fe0       0x1e U8G2/u8g2_font.o
                0x00002fe0                u8g2_font_decode_get_signed_bits
 .text.u8g2_add_vector_y
                0x00002ffe       0x1c U8G2/u8g2_font.o
                0x00002ffe                u8g2_add_vector_y
 .text.u8g2_add_vector_x
                0x0000301a       0x1c U8G2/u8g2_font.o
                0x0000301a                u8g2_add_vector_x
 .text.u8g2_font_decode_len
                0x00003036      0x124 U8G2/u8g2_font.o
                0x00003036                u8g2_font_decode_len
 .text.u8g2_font_decode_glyph
                0x0000315a      0x172 U8G2/u8g2_font.o
                0x0000315a                u8g2_font_decode_glyph
 .text.u8g2_font_get_glyph_data
                0x000032cc      0x126 U8G2/u8g2_font.o
                0x000032cc                u8g2_font_get_glyph_data
 .text.u8g2_GetGlyphWidth
                0x000033f2       0x5a U8G2/u8g2_font.o
                0x000033f2                u8g2_GetGlyphWidth
 .text.u8g2_string_width
                0x0000344c       0x6e U8G2/u8g2_font.o
 .text.u8g2_DrawGlyph
                0x000034ba       0x84 U8G2/u8g2_font.o
                0x000034ba                u8g2_DrawGlyph
 .text.u8g2_draw_string
                0x0000353e       0x94 U8G2/u8g2_font.o
 .text.u8g2_DrawStr
                0x000035d2       0x14 U8G2/u8g2_font.o
                0x000035d2                u8g2_DrawStr
 .text.u8g2_UpdateRefHeight
                0x000035e6       0x86 U8G2/u8g2_font.o
                0x000035e6                u8g2_UpdateRefHeight
 .text.u8g2_SetFontPosBaseline
                0x0000366c        0xc U8G2/u8g2_font.o
                0x0000366c                u8g2_SetFontPosBaseline
 .text.u8g2_SetFont
                0x00003678       0x2a U8G2/u8g2_font.o
                0x00003678                u8g2_SetFont
 .text.u8g2_GetStrWidth
                0x000036a2       0x10 U8G2/u8g2_font.o
                0x000036a2                u8g2_GetStrWidth
 .text.u8g2_SetFontDirection
                0x000036b2        0xa U8G2/u8g2_font.o
                0x000036b2                u8g2_SetFontDirection
 .text.u8g2_draw_hv_line_2dir
                0x000036bc       0x1a U8G2/u8g2_hvline.o
                0x000036bc                u8g2_draw_hv_line_2dir
 .text.u8g2_DrawHVLine
                0x000036d6       0xde U8G2/u8g2_hvline.o
                0x000036d6                u8g2_DrawHVLine
 .text.u8g2_DrawHLine
                0x000037b4        0xc U8G2/u8g2_hvline.o
                0x000037b4                u8g2_DrawHLine
 .text.u8g2_DrawVLine
                0x000037c0        0xc U8G2/u8g2_hvline.o
                0x000037c0                u8g2_DrawVLine
 .text.u8g2_DrawPixel
                0x000037cc       0x2a U8G2/u8g2_hvline.o
                0x000037cc                u8g2_DrawPixel
 .text.u8g2_SetDrawColor
                0x000037f6       0x1a U8G2/u8g2_hvline.o
                0x000037f6                u8g2_SetDrawColor
 .text.u8g2_is_intersection_decision_tree
                0x00003810       0x28 U8G2/u8g2_intersection.o
                0x00003810                u8g2_is_intersection_decision_tree
 .text.u8g2_IsIntersection
                0x00003838       0x36 U8G2/u8g2_intersection.o
                0x00003838                u8g2_IsIntersection
 .text.u8g2_ll_hvline_vertical_top_lsb
                0x0000386e       0xc6 U8G2/u8g2_ll_hvline.o
                0x0000386e                u8g2_ll_hvline_vertical_top_lsb
 .text.u8g2_update_dimension_common
                0x00003934       0x76 U8G2/u8g2_setup.o
 .text.u8g2_update_dimension_r0
                0x000039aa        0x6 U8G2/u8g2_setup.o
                0x000039aa                u8g2_update_dimension_r0
 .text.u8g2_apply_clip_window
                0x000039b0       0x5a U8G2/u8g2_setup.o
 .text.u8g2_update_page_win_r0
                0x00003a0a       0x18 U8G2/u8g2_setup.o
                0x00003a0a                u8g2_update_page_win_r0
 .text.u8g2_draw_l90_r0
                0x00003a22        0xa U8G2/u8g2_setup.o
                0x00003a22                u8g2_draw_l90_r0
 .text.u8g2_SetMaxClipWindow
                0x00003a2c       0x30 U8G2/u8g2_setup.o
                0x00003a2c                u8g2_SetMaxClipWindow
 .text.u8g2_SetupBuffer
                0x00003a5c       0x5a U8G2/u8g2_setup.o
                0x00003a5c                u8g2_SetupBuffer
 .text.u8x8_ascii_next
                0x00003ab6       0x1a U8G2/u8x8_8x8.o
                0x00003ab6                u8x8_ascii_next
 .text.u8x8_utf8_init
                0x00003ad0        0x6 U8G2/u8x8_8x8.o
                0x00003ad0                u8x8_utf8_init
 .text.u8x8_byte_avr_hw_i2c
                0x00003ad6       0x76 U8G2/u8x8_avr.o
                0x00003ad6                u8x8_byte_avr_hw_i2c
 .text.u8x8_avr_delay
                0x00003b4c       0x7a U8G2/u8x8_avr.o
                0x00003b4c                u8x8_avr_delay
 .text.u8x8_byte_SendBytes
                0x00003bc6       0x14 U8G2/u8x8_byte.o
                0x00003bc6                u8x8_byte_SendBytes
 .text.u8x8_byte_SendByte
                0x00003bda       0x20 U8G2/u8x8_byte.o
                0x00003bda                u8x8_byte_SendByte
 .text.u8x8_byte_StartTransfer
                0x00003bfa       0x16 U8G2/u8x8_byte.o
                0x00003bfa                u8x8_byte_StartTransfer
 .text.u8x8_byte_EndTransfer
                0x00003c10       0x16 U8G2/u8x8_byte.o
                0x00003c10                u8x8_byte_EndTransfer
 .text.u8x8_i2c_data_transfer
                0x00003c26       0x3c U8G2/u8x8_cad.o
 .text.u8x8_cad_SendCmd
                0x00003c62       0x16 U8G2/u8x8_cad.o
                0x00003c62                u8x8_cad_SendCmd
 .text.u8x8_cad_SendArg
                0x00003c78       0x16 U8G2/u8x8_cad.o
                0x00003c78                u8x8_cad_SendArg
 .text.u8x8_cad_SendData
                0x00003c8e       0x14 U8G2/u8x8_cad.o
                0x00003c8e                u8x8_cad_SendData
 .text.u8x8_cad_StartTransfer
                0x00003ca2       0x16 U8G2/u8x8_cad.o
                0x00003ca2                u8x8_cad_StartTransfer
 .text.u8x8_cad_EndTransfer
                0x00003cb8       0x16 U8G2/u8x8_cad.o
                0x00003cb8                u8x8_cad_EndTransfer
 .text.u8x8_cad_SendSequence
                0x00003cce       0xa6 U8G2/u8x8_cad.o
                0x00003cce                u8x8_cad_SendSequence
 .text.u8x8_cad_ssd13xx_fast_i2c
                0x00003d74       0xf4 U8G2/u8x8_cad.o
                0x00003d74                u8x8_cad_ssd13xx_fast_i2c
 .text.u8x8_d_helper_display_setup_memory
                0x00003e68       0x10 U8G2/u8x8_display.o
                0x00003e68                u8x8_d_helper_display_setup_memory
 .text.u8x8_d_helper_display_init
                0x00003e78       0x72 U8G2/u8x8_display.o
                0x00003e78                u8x8_d_helper_display_init
 .text.u8x8_DrawTile
                0x00003eea       0x46 U8G2/u8x8_display.o
                0x00003eea                u8x8_DrawTile
 .text.u8x8_SetupMemory
                0x00003f30       0x16 U8G2/u8x8_display.o
                0x00003f30                u8x8_SetupMemory
 .text.u8x8_InitDisplay
                0x00003f46       0x16 U8G2/u8x8_display.o
                0x00003f46                u8x8_InitDisplay
 .text.u8x8_SetPowerSave
                0x00003f5c       0x16 U8G2/u8x8_display.o
                0x00003f5c                u8x8_SetPowerSave
 .text.u8x8_RefreshDisplay
                0x00003f72       0x16 U8G2/u8x8_display.o
                0x00003f72                u8x8_RefreshDisplay
 .text.u8x8_d_ssd1306_sh1106_generic
                0x00003f88      0x112 U8G2/u8x8_d_ssd1306_128x64_noname.o
 .text.u8x8_d_ssd1306_128x64_noname
                0x0000409a       0x46 U8G2/u8x8_d_ssd1306_128x64_noname.o
                0x0000409a                u8x8_d_ssd1306_128x64_noname
 .text.u8x8_gpio_call
                0x000040e0       0x12 U8G2/u8x8_gpio.o
                0x000040e0                u8x8_gpio_call
 .text.u8x8_dummy_cb
                0x000040f2        0x4 U8G2/u8x8_setup.o
                0x000040f2                u8x8_dummy_cb
 .text.u8x8_SetupDefaults
                0x000040f6       0x2e U8G2/u8x8_setup.o
                0x000040f6                u8x8_SetupDefaults
 .text.u8x8_Setup
                0x00004124       0x4c U8G2/u8x8_setup.o
                0x00004124                u8x8_Setup
 .text.avr-libc.fplib
                0x00004170        0xe c:/program files (x86)/atmel/studio/7.0/toolchain/avr8/avr8-gnu-toolchain/bin/../lib/gcc/avr/5.4.0/../../../../avr/lib/avr5\libm.a(addsf3.o)
                0x00004170                __subsf3
                0x00004172                __addsf3
 .text.avr-libc.fplib
                0x0000417e       0xcc c:/program files (x86)/atmel/studio/7.0/toolchain/avr8/avr8-gnu-toolchain/bin/../lib/gcc/avr/5.4.0/../../../../avr/lib/avr5\libm.a(addsf3x.o)
                0x000041a0                __addsf3x
 .text.avr-libc.fplib
                0x0000424a       0x5e c:/program files (x86)/atmel/studio/7.0/toolchain/avr8/avr8-gnu-toolchain/bin/../lib/gcc/avr/5.4.0/../../../../avr/lib/avr5\libm.a(atan.o)
                0x0000424a                atan
 .text.avr-libc.fplib
                0x000042a8        0xa c:/program files (x86)/atmel/studio/7.0/toolchain/avr8/avr8-gnu-toolchain/bin/../lib/gcc/avr/5.4.0/../../../../avr/lib/avr5\libm.a(cmpsf2.o)
                0x000042a8                __eqsf2
                0x000042a8                __lesf2
                0x000042a8                __nesf2
                0x000042a8                __cmpsf2
                0x000042a8                __ltsf2
 .text.avr-libc.fplib
                0x000042b2        0x8 c:/program files (x86)/atmel/studio/7.0/toolchain/avr8/avr8-gnu-toolchain/bin/../lib/gcc/avr/5.4.0/../../../../avr/lib/avr5\libm.a(divsf3.o)
                0x000042b2                __divsf3
 .text.avr-libc.fplib
                0x000042ba       0xdc c:/program files (x86)/atmel/studio/7.0/toolchain/avr8/avr8-gnu-toolchain/bin/../lib/gcc/avr/5.4.0/../../../../avr/lib/avr5\libm.a(divsf3x.o)
                0x000042da                __divsf3x
                0x000042e0                __divsf3_pse
 .text.avr-libc.fplib
                0x00004396        0xe c:/program files (x86)/atmel/studio/7.0/toolchain/avr8/avr8-gnu-toolchain/bin/../lib/gcc/avr/5.4.0/../../../../avr/lib/avr5\libm.a(fixsfsi.o)
                0x00004396                __fixsfsi
 .text.avr-libc.fplib
                0x000043a4       0x5e c:/program files (x86)/atmel/studio/7.0/toolchain/avr8/avr8-gnu-toolchain/bin/../lib/gcc/avr/5.4.0/../../../../avr/lib/avr5\libm.a(fixunssfsi.o)
                0x000043a4                __fixunssfsi
 .text.avr-libc.fplib
                0x00004402       0x7a c:/program files (x86)/atmel/studio/7.0/toolchain/avr8/avr8-gnu-toolchain/bin/../lib/gcc/avr/5.4.0/../../../../avr/lib/avr5\libm.a(floatsisf.o)
                0x00004402                __floatunsisf
                0x00004406                __floatsisf
 .text.avr-libc.fplib
                0x0000447c       0x48 c:/program files (x86)/atmel/studio/7.0/toolchain/avr8/avr8-gnu-toolchain/bin/../lib/gcc/avr/5.4.0/../../../../avr/lib/avr5\libm.a(fp_cmp.o)
                0x0000447c                __fp_cmp
 .text.avr-libc.fplib
                0x000044c4        0xc c:/program files (x86)/atmel/studio/7.0/toolchain/avr8/avr8-gnu-toolchain/bin/../lib/gcc/avr/5.4.0/../../../../avr/lib/avr5\libm.a(fp_inf.o)
                0x000044c4                __fp_inf
 .text.avr-libc.fplib
                0x000044d0        0x6 c:/program files (x86)/atmel/studio/7.0/toolchain/avr8/avr8-gnu-toolchain/bin/../lib/gcc/avr/5.4.0/../../../../avr/lib/avr5\libm.a(fp_nan.o)
                0x000044d0                __fp_nan
 .text.avr-libc.fplib
                0x000044d6       0x4e c:/program files (x86)/atmel/studio/7.0/toolchain/avr8/avr8-gnu-toolchain/bin/../lib/gcc/avr/5.4.0/../../../../avr/lib/avr5\libm.a(fp_powser.o)
                0x000044d6                __fp_powser
 .text.avr-libc.fplib
                0x00004524        0xe c:/program files (x86)/atmel/studio/7.0/toolchain/avr8/avr8-gnu-toolchain/bin/../lib/gcc/avr/5.4.0/../../../../avr/lib/avr5\libm.a(fp_pscA.o)
                0x00004524                __fp_pscA
 .text.avr-libc.fplib
                0x00004532        0xe c:/program files (x86)/atmel/studio/7.0/toolchain/avr8/avr8-gnu-toolchain/bin/../lib/gcc/avr/5.4.0/../../../../avr/lib/avr5\libm.a(fp_pscB.o)
                0x00004532                __fp_pscB
 .text.avr-libc.fplib
                0x00004540       0x22 c:/program files (x86)/atmel/studio/7.0/toolchain/avr8/avr8-gnu-toolchain/bin/../lib/gcc/avr/5.4.0/../../../../avr/lib/avr5\libm.a(fp_round.o)
                0x00004540                __fp_round
 .text.avr-libc.fplib
                0x00004562       0x44 c:/program files (x86)/atmel/studio/7.0/toolchain/avr8/avr8-gnu-toolchain/bin/../lib/gcc/avr/5.4.0/../../../../avr/lib/avr5\libm.a(fp_split3.o)
                0x00004562                __fp_split3
                0x00004572                __fp_splitA
 .text.avr-libc.fplib
                0x000045a6        0xe c:/program files (x86)/atmel/studio/7.0/toolchain/avr8/avr8-gnu-toolchain/bin/../lib/gcc/avr/5.4.0/../../../../avr/lib/avr5\libm.a(fp_zero.o)
                0x000045a6                __fp_zero
                0x000045a8                __fp_szero
 .text.avr-libc.fplib
                0x000045b4        0xa c:/program files (x86)/atmel/studio/7.0/toolchain/avr8/avr8-gnu-toolchain/bin/../lib/gcc/avr/5.4.0/../../../../avr/lib/avr5\libm.a(gesf2.o)
                0x000045b4                __gesf2
                0x000045b4                __gtsf2
 .text.avr-libc.fplib
                0x000045be       0x10 c:/program files (x86)/atmel/studio/7.0/toolchain/avr8/avr8-gnu-toolchain/bin/../lib/gcc/avr/5.4.0/../../../../avr/lib/avr5\libm.a(inverse.o)
                0x000045be                inverse
 .text.avr-libc.fplib
                0x000045ce        0x8 c:/program files (x86)/atmel/studio/7.0/toolchain/avr8/avr8-gnu-toolchain/bin/../lib/gcc/avr/5.4.0/../../../../avr/lib/avr5\libm.a(mulsf3.o)
                0x000045ce                __mulsf3
 .text.avr-libc.fplib
                0x000045d6       0xd2 c:/program files (x86)/atmel/studio/7.0/toolchain/avr8/avr8-gnu-toolchain/bin/../lib/gcc/avr/5.4.0/../../../../avr/lib/avr5\libm.a(mulsf3x.o)
                0x000045f4                __mulsf3x
                0x000045fa                __mulsf3_pse
 .text.avr-libc.fplib
                0x000046a8        0x8 c:/program files (x86)/atmel/studio/7.0/toolchain/avr8/avr8-gnu-toolchain/bin/../lib/gcc/avr/5.4.0/../../../../avr/lib/avr5\libm.a(square.o)
                0x000046a8                square
 .text.libgcc.div
                0x000046b0       0x44 c:/program files (x86)/atmel/studio/7.0/toolchain/avr8/avr8-gnu-toolchain/bin/../lib/gcc/avr/5.4.0/avr5\libgcc.a(_udivmodsi4.o)
                0x000046b0                __udivmodsi4
 .text.libgcc.mul
                0x000046f4       0x1e c:/program files (x86)/atmel/studio/7.0/toolchain/avr8/avr8-gnu-toolchain/bin/../lib/gcc/avr/5.4.0/avr5\libgcc.a(_umulhisi3.o)
                0x000046f4                __umulhisi3
 .text.avr-libc
                0x00004712        0xe c:/program files (x86)/atmel/studio/7.0/toolchain/avr8/avr8-gnu-toolchain/bin/../lib/gcc/avr/5.4.0/../../../../avr/lib/avr5\libc.a(memset.o)
                0x00004712                memset
 .text.avr-libc
                0x00004720       0x16 c:/program files (x86)/atmel/studio/7.0/toolchain/avr8/avr8-gnu-toolchain/bin/../lib/gcc/avr/5.4.0/../../../../avr/lib/avr5\libc.a(strcat.o)
                0x00004720                strcat
 .text.avr-libc
                0x00004736       0x16 c:/program files (x86)/atmel/studio/7.0/toolchain/avr8/avr8-gnu-toolchain/bin/../lib/gcc/avr/5.4.0/../../../../avr/lib/avr5\libc.a(itoa_ncheck.o)
                0x00004736                __itoa_ncheck
 .text.avr-libc
                0x0000474c       0x34 c:/program files (x86)/atmel/studio/7.0/toolchain/avr8/avr8-gnu-toolchain/bin/../lib/gcc/avr/5.4.0/../../../../avr/lib/avr5\libc.a(utoa_ncheck.o)
                0x0000474c                __utoa_ncheck
                0x0000474e                __utoa_common
 .text.avr-libc
                0x00004780       0x20 c:/program files (x86)/atmel/studio/7.0/toolchain/avr8/avr8-gnu-toolchain/bin/../lib/gcc/avr/5.4.0/../../../../avr/lib/avr5\libc.a(strrev.o)
                0x00004780                strrev
                0x000047a0                . = ALIGN (0x2)
 *(.fini9)
 .fini9         0x000047a0        0x0 c:/program files (x86)/atmel/studio/7.0/toolchain/avr8/avr8-gnu-toolchain/bin/../lib/gcc/avr/5.4.0/avr5\libgcc.a(_exit.o)
                0x000047a0                exit
                0x000047a0                _exit
 *(.fini9)
 *(.fini8)
 *(.fini8)
 *(.fini7)
 *(.fini7)
 *(.fini6)
 *(.fini6)
 *(.fini5)
 *(.fini5)
 *(.fini4)
 *(.fini4)
 *(.fini3)
 *(.fini3)
 *(.fini2)
 *(.fini2)
 *(.fini1)
 *(.fini1)
 *(.fini0)
 .fini0         0x000047a0        0x4 c:/program files (x86)/atmel/studio/7.0/toolchain/avr8/avr8-gnu-toolchain/bin/../lib/gcc/avr/5.4.0/avr5\libgcc.a(_exit.o)
 *(.fini0)
                0x000047a4                _etext = .

.data           0x00800100      0x1c4 load address 0x000047a4
                0x00800100                PROVIDE (__data_start, .)
 *(.data)
 *(.data*)
 .data.Settings
                0x00800100        0xa main.o
                0x00800100                Settings
 .data.distance
                0x0080010a        0x2 main.o
                0x0080010a                distance
 .data.direction
                0x0080010c        0x2 main.o
                0x0080010c                direction
 .data.speed    0x0080010e        0x2 main.o
                0x0080010e                speed
 .data.i.9264   0x00800110        0x2 screenController.o
 .data.screenDivholder
                0x00800112        0x4 screenController.o
                0x00800112                screenDivholder
 .data.screenDiv
                0x00800116        0x4 screenController.o
                0x00800116                screenDiv
 .data.MenuAnim
                0x0080011a        0x1 screenController.o
                0x0080011a                MenuAnim
 .data.settingStrings
                0x0080011b        0xa screenController.o
                0x0080011b                settingStrings
 .data.menuStrings
                0x00800125        0x8 screenController.o
                0x00800125                menuStrings
 .data.reDrawRequired
                0x0080012d        0x1 screenController.o
                0x0080012d                reDrawRequired
 *(.gnu.linkonce.d*)
 *(.rodata)
 .rodata        0x0080012e        0x8 screenController.o
 *(.rodata*)
 .rodata.str1.1
                0x00800136      0x113 screenController.o
                                0x114 (size before relaxing)
 .rodata.postFixes.9355
                0x00800249        0x8 screenController.o
 .rodata.text2.9353
                0x00800251        0x8 screenController.o
 .rodata.u8g2_cb_r0
                0x00800259        0x6 U8G2/u8g2_setup.o
                0x00800259                u8g2_cb_r0
 .rodata.u8x8_ssd1306_128x64_noname_display_info
                0x0080025f       0x18 U8G2/u8x8_d_ssd1306_128x64_noname.o
 .rodata.u8x8_d_ssd1306_128x64_noname_flip1_seq
                0x00800277        0x7 U8G2/u8x8_d_ssd1306_128x64_noname.o
 .rodata.u8x8_d_ssd1306_128x64_noname_flip0_seq
                0x0080027e        0x7 U8G2/u8x8_d_ssd1306_128x64_noname.o
 .rodata.u8x8_d_ssd1306_128x64_noname_powersave1_seq
                0x00800285        0x5 U8G2/u8x8_d_ssd1306_128x64_noname.o
 .rodata.u8x8_d_ssd1306_128x64_noname_powersave0_seq
                0x0080028a        0x5 U8G2/u8x8_d_ssd1306_128x64_noname.o
 .rodata.u8x8_d_ssd1306_128x64_noname_init_seq
                0x0080028f       0x35 U8G2/u8x8_d_ssd1306_128x64_noname.o
 *(.gnu.linkonce.r*)
                0x008002c4                . = ALIGN (0x2)
                0x008002c4                _edata = .
                0x008002c4                PROVIDE (__data_end, .)

.bss            0x008002c4      0x4f8
                0x008002c4                PROVIDE (__bss_start, .)
 *(.bss)
 *(.bss*)
 .bss.runcount1.1733
                0x008002c4        0x2 distanceSensor.o
 .bss.runcount2.1732
                0x008002c6        0x2 distanceSensor.o
 .bss.prevDevice.1734
                0x008002c8        0x2 distanceSensor.o
 .bss.device.1735
                0x008002ca        0x2 distanceSensor.o
 .bss.echoHighLevelTimeuS
                0x008002cc        0x2 distanceSensor.o
                0x008002cc                echoHighLevelTimeuS
 .bss.echoHighLevelTimeC
                0x008002ce        0x4 distanceSensor.o
                0x008002ce                echoHighLevelTimeC
 .bss.fallingEdgeTimeC
                0x008002d2        0x2 distanceSensor.o
                0x008002d2                fallingEdgeTimeC
 .bss.risingEdgeTimeC
                0x008002d4        0x2 distanceSensor.o
                0x008002d4                risingEdgeTimeC
 .bss.count.8797
                0x008002d6        0x2 main.o
 .bss.Time_min  0x008002d8        0x2 main.o
                0x008002d8                Time_min
 .bss.Time_ms   0x008002da        0x2 main.o
                0x008002da                Time_ms
 .bss.main_currentPage
                0x008002dc        0x2 main.o
                0x008002dc                main_currentPage
 .bss.timeTxt.9349
                0x008002de        0x7 screenController.o
 .bss.history.9263
                0x008002e5        0x8 screenController.o
 .bss.rCount.9235
                0x008002ed        0x2 screenController.o
 .bss.batteryBars
                0x008002ef        0x2 screenController.o
                0x008002ef                batteryBars
 .bss.currentFrame
                0x008002f1        0x2 screenController.o
                0x008002f1                currentFrame
 .bss.currentPage
                0x008002f3        0x1 screenController.o
                0x008002f3                currentPage
 .bss.reDrawRequiredTime
                0x008002f4        0x1 screenController.o
                0x008002f4                reDrawRequiredTime
 .bss.buf.8730  0x008002f5      0x400 U8G2/u8g2_d_memory.o
 .bss.in_transfer.3298
                0x008006f5        0x1 U8G2/u8x8_cad.o
 *(COMMON)
 COMMON         0x008006f6       0x1a distanceSensor.o
                0x008006f6                angledegree
                0x008006fa                Dist
                0x008006fc                length
                0x00800700                angleradian
                0x00800704                differenceLength
                0x00800708                echoDistance
 COMMON         0x00800710        0x2 main.o
                0x00800710                keyPressed
 COMMON         0x00800712       0xaa screenController.o
                0x00800712                maxCharWidth
                0x00800713                currentChoice
                0x00800722                settingVal
                0x00800724                speedHold
                0x00800726                pTime_min
                0x00800728                Scroll
                0x00800732                pTime_ms
                0x00800734                u8g2
                0x00800799                textHeight
                0x0080079a                selectionsVis
                0x008007a4                distanceHold
                0x008007a6                _Time_min
                0x008007a8                directionHold
                0x008007aa                _Time_ms
                0x008007ac                selections
                0x008007bb                selectEnable
                0x008007bc                PROVIDE (__bss_end, .)
                0x000047a4                __data_load_start = LOADADDR (.data)
                0x00004968                __data_load_end = (__data_load_start + SIZEOF (.data))

.noinit         0x008007bc        0x0
                [!provide]                PROVIDE (__noinit_start, .)
 *(.noinit*)
                [!provide]                PROVIDE (__noinit_end, .)
                0x008007bc                _end = .
                [!provide]                PROVIDE (__heap_start, .)

.eeprom         0x00810000        0x0
 *(.eeprom*)
                0x00810000                __eeprom_end = .

.fuse
 *(.fuse)
 *(.lfuse)
 *(.hfuse)
 *(.efuse)

.lock
 *(.lock*)

.signature
 *(.signature*)

.user_signatures
 *(.user_signatures*)

.stab
 *(.stab)

.stabstr
 *(.stabstr)

.stab.excl
 *(.stab.excl)

.stab.exclstr
 *(.stab.exclstr)

.stab.index
 *(.stab.index)

.stab.indexstr
 *(.stab.indexstr)

.comment        0x00000000       0x30
 *(.comment)
 .comment       0x00000000       0x30 distanceSensor.o
                                 0x31 (size before relaxing)
 .comment       0x00000030       0x31 main.o
 .comment       0x00000030       0x31 screenController.o
 .comment       0x00000030       0x31 U8G2/avr-hw-i2c/twimastertimeout.o
 .comment       0x00000030       0x31 U8G2/u8g2_box.o
 .comment       0x00000030       0x31 U8G2/u8g2_buffer.o
 .comment       0x00000030       0x31 U8G2/u8g2_circle.o
 .comment       0x00000030       0x31 U8G2/u8g2_d_memory.o
 .comment       0x00000030       0x31 U8G2/u8g2_d_setup.o
 .comment       0x00000030       0x31 U8G2/u8g2_font.o
 .comment       0x00000030       0x31 U8G2/u8g2_fonts.o
 .comment       0x00000030       0x31 U8G2/u8g2_hvline.o
 .comment       0x00000030       0x31 U8G2/u8g2_intersection.o
 .comment       0x00000030       0x31 U8G2/u8g2_ll_hvline.o
 .comment       0x00000030       0x31 U8G2/u8g2_setup.o
 .comment       0x00000030       0x31 U8G2/u8x8_8x8.o
 .comment       0x00000030       0x31 U8G2/u8x8_avr.o
 .comment       0x00000030       0x31 U8G2/u8x8_byte.o
 .comment       0x00000030       0x31 U8G2/u8x8_cad.o
 .comment       0x00000030       0x31 U8G2/u8x8_display.o
 .comment       0x00000030       0x31 U8G2/u8x8_d_ssd1306_128x64_noname.o
 .comment       0x00000030       0x31 U8G2/u8x8_gpio.o
 .comment       0x00000030       0x31 U8G2/u8x8_setup.o

.note.gnu.avr.deviceinfo
                0x00000000       0x40
 .note.gnu.avr.deviceinfo
                0x00000000       0x40 C:/Program Files (x86)/Atmel/Studio/7.0/Packs/atmel/ATmega_DFP/1.3.300/gcc/dev/atmega328p/avr5/crtatmega328p.o

.note.gnu.build-id
 *(.note.gnu.build-id)

.debug
 *(.debug)

.line
 *(.line)

.debug_srcinfo
 *(.debug_srcinfo)

.debug_sfnames
 *(.debug_sfnames)

.debug_aranges  0x00000000     0x2148
 *(.debug_aranges)
 .debug_aranges
                0x00000000       0x38 distanceSensor.o
 .debug_aranges
                0x00000038       0x30 main.o
 .debug_aranges
                0x00000068       0xd8 screenController.o
 .debug_aranges
                0x00000140       0x58 U8G2/avr-hw-i2c/twimastertimeout.o
 .debug_aranges
                0x00000198       0x38 U8G2/u8g2_box.o
 .debug_aranges
                0x000001d0       0x78 U8G2/u8g2_buffer.o
 .debug_aranges
                0x00000248       0x58 U8G2/u8g2_circle.o
 .debug_aranges
                0x000002a0      0x468 U8G2/u8g2_d_memory.o
 .debug_aranges
                0x00000708     0x13c8 U8G2/u8g2_d_setup.o
 .debug_aranges
                0x00001ad0      0x190 U8G2/u8g2_font.o
 .debug_aranges
                0x00001c60       0x18 U8G2/u8g2_fonts.o
 .debug_aranges
                0x00001c78       0x48 U8G2/u8g2_hvline.o
 .debug_aranges
                0x00001cc0       0x28 U8G2/u8g2_intersection.o
 .debug_aranges
                0x00001ce8       0x28 U8G2/u8g2_ll_hvline.o
 .debug_aranges
                0x00001d10       0xc0 U8G2/u8g2_setup.o
 .debug_aranges
                0x00001dd0       0xb8 U8G2/u8x8_8x8.o
 .debug_aranges
                0x00001e88       0x28 U8G2/u8x8_avr.o
 .debug_aranges
                0x00001eb0       0xb0 U8G2/u8x8_byte.o
 .debug_aranges
                0x00001f60       0xc0 U8G2/u8x8_cad.o
 .debug_aranges
                0x00002020       0x80 U8G2/u8x8_display.o
 .debug_aranges
                0x000020a0       0x50 U8G2/u8x8_d_ssd1306_128x64_noname.o
 .debug_aranges
                0x000020f0       0x20 U8G2/u8x8_gpio.o
 .debug_aranges
                0x00002110       0x38 U8G2/u8x8_setup.o

.debug_pubnames
 *(.debug_pubnames)

.debug_info     0x00000000    0x48c17
 *(.debug_info .gnu.linkonce.wi.*)
 .debug_info    0x00000000      0x5f4 C:/Program Files (x86)/Atmel/Studio/7.0/Packs/atmel/ATmega_DFP/1.3.300/gcc/dev/atmega328p/avr5/crtatmega328p.o
 .debug_info    0x000005f4      0x254 distanceSensor.o
 .debug_info    0x00000848      0x2fb main.o
 .debug_info    0x00000b43     0x211a screenController.o
 .debug_info    0x00002c5d      0x22d U8G2/avr-hw-i2c/twimastertimeout.o
 .debug_info    0x00002e8a      0xf7e U8G2/u8g2_box.o
 .debug_info    0x00003e08      0xe94 U8G2/u8g2_buffer.o
 .debug_info    0x00004c9c     0x175e U8G2/u8g2_circle.o
 .debug_info    0x000063fa     0x2803 U8G2/u8g2_d_memory.o
 .debug_info    0x00008bfd    0x2403b U8G2/u8g2_d_setup.o
 .debug_info    0x0002cc38     0x29dc U8G2/u8g2_font.o
 .debug_info    0x0002f614     0xf937 U8G2/u8g2_fonts.o
 .debug_info    0x0003ef4b      0xbf2 U8G2/u8g2_hvline.o
 .debug_info    0x0003fb3d      0x92a U8G2/u8g2_intersection.o
 .debug_info    0x00040467      0x9a7 U8G2/u8g2_ll_hvline.o
 .debug_info    0x00040e0e     0x11bd U8G2/u8g2_setup.o
 .debug_info    0x00041fcb     0x13ef U8G2/u8x8_8x8.o
 .debug_info    0x000433ba      0x574 U8G2/u8x8_avr.o
 .debug_info    0x0004392e     0x1a49 U8G2/u8x8_byte.o
 .debug_info    0x00045377     0x18fa U8G2/u8x8_cad.o
 .debug_info    0x00046c71      0x9a6 U8G2/u8x8_display.o
 .debug_info    0x00047617      0xd0f U8G2/u8x8_d_ssd1306_128x64_noname.o
 .debug_info    0x00048326      0x3c6 U8G2/u8x8_gpio.o
 .debug_info    0x000486ec      0x52b U8G2/u8x8_setup.o

.debug_abbrev   0x00000000     0x2ff3
 *(.debug_abbrev)
 .debug_abbrev  0x00000000      0x5a2 C:/Program Files (x86)/Atmel/Studio/7.0/Packs/atmel/ATmega_DFP/1.3.300/gcc/dev/atmega328p/avr5/crtatmega328p.o
 .debug_abbrev  0x000005a2       0xe3 distanceSensor.o
 .debug_abbrev  0x00000685       0xe1 main.o
 .debug_abbrev  0x00000766      0x434 screenController.o
 .debug_abbrev  0x00000b9a       0xff U8G2/avr-hw-i2c/twimastertimeout.o
 .debug_abbrev  0x00000c99      0x169 U8G2/u8g2_box.o
 .debug_abbrev  0x00000e02      0x230 U8G2/u8g2_buffer.o
 .debug_abbrev  0x00001032      0x26f U8G2/u8g2_circle.o
 .debug_abbrev  0x000012a1       0xd8 U8G2/u8g2_d_memory.o
 .debug_abbrev  0x00001379      0x196 U8G2/u8g2_d_setup.o
 .debug_abbrev  0x0000150f      0x3e8 U8G2/u8g2_font.o
 .debug_abbrev  0x000018f7       0x88 U8G2/u8g2_fonts.o
 .debug_abbrev  0x0000197f      0x1aa U8G2/u8g2_hvline.o
 .debug_abbrev  0x00001b29      0x159 U8G2/u8g2_intersection.o
 .debug_abbrev  0x00001c82      0x14f U8G2/u8g2_ll_hvline.o
 .debug_abbrev  0x00001dd1      0x286 U8G2/u8g2_setup.o
 .debug_abbrev  0x00002057      0x367 U8G2/u8x8_8x8.o
 .debug_abbrev  0x000023be      0x1b5 U8G2/u8x8_avr.o
 .debug_abbrev  0x00002573      0x263 U8G2/u8x8_byte.o
 .debug_abbrev  0x000027d6      0x25c U8G2/u8x8_cad.o
 .debug_abbrev  0x00002a32      0x1bf U8G2/u8x8_display.o
 .debug_abbrev  0x00002bf1      0x19f U8G2/u8x8_d_ssd1306_128x64_noname.o
 .debug_abbrev  0x00002d90       0xe9 U8G2/u8x8_gpio.o
 .debug_abbrev  0x00002e79      0x17a U8G2/u8x8_setup.o

.debug_line     0x00000000     0xcf94
 *(.debug_line .debug_line.* .debug_line_end)
 .debug_line    0x00000000      0x133 C:/Program Files (x86)/Atmel/Studio/7.0/Packs/atmel/ATmega_DFP/1.3.300/gcc/dev/atmega328p/avr5/crtatmega328p.o
 .debug_line    0x00000133      0x23c distanceSensor.o
 .debug_line    0x0000036f      0x16c main.o
 .debug_line    0x000004db      0xa36 screenController.o
 .debug_line    0x00000f11      0x39a U8G2/avr-hw-i2c/twimastertimeout.o
 .debug_line    0x000012ab      0x262 U8G2/u8g2_box.o
 .debug_line    0x0000150d      0x36c U8G2/u8g2_buffer.o
 .debug_line    0x00001879      0x4c2 U8G2/u8g2_circle.o
 .debug_line    0x00001d3b     0x1031 U8G2/u8g2_d_memory.o
 .debug_line    0x00002d6c     0x6587 U8G2/u8g2_d_setup.o
 .debug_line    0x000092f3      0xd7f U8G2/u8g2_font.o
 .debug_line    0x0000a072       0x94 U8G2/u8g2_fonts.o
 .debug_line    0x0000a106      0x233 U8G2/u8g2_hvline.o
 .debug_line    0x0000a339      0x10d U8G2/u8g2_intersection.o
 .debug_line    0x0000a446      0x236 U8G2/u8g2_ll_hvline.o
 .debug_line    0x0000a67c      0x59f U8G2/u8g2_setup.o
 .debug_line    0x0000ac1b      0x6ae U8G2/u8x8_8x8.o
 .debug_line    0x0000b2c9      0x23c U8G2/u8x8_avr.o
 .debug_line    0x0000b505      0x8bb U8G2/u8x8_byte.o
 .debug_line    0x0000bdc0      0x989 U8G2/u8x8_cad.o
 .debug_line    0x0000c749      0x29c U8G2/u8x8_display.o
 .debug_line    0x0000c9e5      0x391 U8G2/u8x8_d_ssd1306_128x64_noname.o
 .debug_line    0x0000cd76       0xb3 U8G2/u8x8_gpio.o
 .debug_line    0x0000ce29      0x16b U8G2/u8x8_setup.o

.debug_frame    0x00000000     0xc678
 *(.debug_frame)
 .debug_frame   0x00000000       0xcc distanceSensor.o
 .debug_frame   0x000000cc       0x44 main.o
 .debug_frame   0x00000110      0x3ac screenController.o
 .debug_frame   0x000004bc       0xa0 U8G2/avr-hw-i2c/twimastertimeout.o
 .debug_frame   0x0000055c      0x120 U8G2/u8g2_box.o
 .debug_frame   0x0000067c      0x1c8 U8G2/u8g2_buffer.o
 .debug_frame   0x00000844      0x25c U8G2/u8g2_circle.o
 .debug_frame   0x00000aa0      0x8b4 U8G2/u8g2_d_memory.o
 .debug_frame   0x00001354     0x9d94 U8G2/u8g2_d_setup.o
 .debug_frame   0x0000b0e8      0x5c4 U8G2/u8g2_font.o
 .debug_frame   0x0000b6ac       0x9c U8G2/u8g2_hvline.o
 .debug_frame   0x0000b748       0x50 U8G2/u8g2_intersection.o
 .debug_frame   0x0000b798       0x60 U8G2/u8g2_ll_hvline.o
 .debug_frame   0x0000b7f8      0x20c U8G2/u8g2_setup.o
 .debug_frame   0x0000ba04      0x308 U8G2/u8x8_8x8.o
 .debug_frame   0x0000bd0c       0x48 U8G2/u8x8_avr.o
 .debug_frame   0x0000bd54      0x2c0 U8G2/u8x8_byte.o
 .debug_frame   0x0000c014      0x340 U8G2/u8x8_cad.o
 .debug_frame   0x0000c354      0x174 U8G2/u8x8_display.o
 .debug_frame   0x0000c4c8      0x104 U8G2/u8x8_d_ssd1306_128x64_noname.o
 .debug_frame   0x0000c5cc       0x24 U8G2/u8x8_gpio.o
 .debug_frame   0x0000c5f0       0x88 U8G2/u8x8_setup.o

.debug_str      0x00000000    0x10f36
 *(.debug_str)
 .debug_str     0x00000000      0x208 C:/Program Files (x86)/Atmel/Studio/7.0/Packs/atmel/ATmega_DFP/1.3.300/gcc/dev/atmega328p/avr5/crtatmega328p.o
 .debug_str     0x00000208      0x262 distanceSensor.o
                                0x29b (size before relaxing)
 .debug_str     0x0000046a       0xa5 main.o
                                0x260 (size before relaxing)
 .debug_str     0x0000050f      0xb52 screenController.o
                                0xd53 (size before relaxing)
 .debug_str     0x00001061       0x90 U8G2/avr-hw-i2c/twimastertimeout.o
                                0x210 (size before relaxing)
 .debug_str     0x000010f1       0x78 U8G2/u8g2_box.o
                                0x8e9 (size before relaxing)
 .debug_str     0x00001169      0x1d6 U8G2/u8g2_buffer.o
                                0xa3a (size before relaxing)
 .debug_str     0x0000133f      0x14f U8G2/u8g2_circle.o
                                0x9cf (size before relaxing)
 .debug_str     0x0000148e      0x7da U8G2/u8g2_d_memory.o
                                0x94d (size before relaxing)
 .debug_str     0x00001c68     0x4ef0 U8G2/u8g2_d_setup.o
                               0x5f07 (size before relaxing)
 .debug_str     0x00006b58      0x551 U8G2/u8g2_font.o
                                0xe29 (size before relaxing)
 .debug_str     0x000070a9     0x91e6 U8G2/u8g2_fonts.o
                               0x937c (size before relaxing)
 .debug_str     0x0001028f       0x45 U8G2/u8g2_hvline.o
                                0x8d1 (size before relaxing)
 .debug_str     0x000102d4       0x3f U8G2/u8g2_intersection.o
                                0x88a (size before relaxing)
 .debug_str     0x00010313       0x66 U8G2/u8g2_ll_hvline.o
                                0x8b9 (size before relaxing)
 .debug_str     0x00010379      0x22f U8G2/u8g2_setup.o
                                0xafc (size before relaxing)
 .debug_str     0x000105a8      0x1c2 U8G2/u8x8_8x8.o
                                0x626 (size before relaxing)
 .debug_str     0x0001076a       0x56 U8G2/u8x8_avr.o
                                0x4ef (size before relaxing)
 .debug_str     0x000107c0      0x1db U8G2/u8x8_byte.o
                                0x63f (size before relaxing)
 .debug_str     0x0001099b      0x19b U8G2/u8x8_cad.o
                                0x68b (size before relaxing)
 .debug_str     0x00010b36      0x116 U8G2/u8x8_display.o
                                0x5a2 (size before relaxing)
 .debug_str     0x00010c4c      0x27a U8G2/u8x8_d_ssd1306_128x64_noname.o
                                0x799 (size before relaxing)
 .debug_str     0x00010ec6       0x14 U8G2/u8x8_gpio.o
                                0x443 (size before relaxing)
 .debug_str     0x00010eda       0x5c U8G2/u8x8_setup.o
                                0x4e6 (size before relaxing)

.debug_loc      0x00000000    0x4e8b5
 *(.debug_loc)
 .debug_loc     0x00000000      0x1e2 distanceSensor.o
 .debug_loc     0x000001e2      0xeb0 screenController.o
 .debug_loc     0x00001092      0x31a U8G2/avr-hw-i2c/twimastertimeout.o
 .debug_loc     0x000013ac      0x8b2 U8G2/u8g2_box.o
 .debug_loc     0x00001c5e      0x910 U8G2/u8g2_buffer.o
 .debug_loc     0x0000256e     0x16a2 U8G2/u8g2_circle.o
 .debug_loc     0x00003c10     0x1590 U8G2/u8g2_d_memory.o
 .debug_loc     0x000051a0    0x3e724 U8G2/u8g2_d_setup.o
 .debug_loc     0x000438c4     0x2e92 U8G2/u8g2_font.o
 .debug_loc     0x00046756      0x69d U8G2/u8g2_hvline.o
 .debug_loc     0x00046df3      0x192 U8G2/u8g2_intersection.o
 .debug_loc     0x00046f85      0x4b3 U8G2/u8g2_ll_hvline.o
 .debug_loc     0x00047438      0xd38 U8G2/u8g2_setup.o
 .debug_loc     0x00048170     0x1922 U8G2/u8x8_8x8.o
 .debug_loc     0x00049a92      0x57e U8G2/u8x8_avr.o
 .debug_loc     0x0004a010     0x1b9a U8G2/u8x8_byte.o
 .debug_loc     0x0004bbaa     0x1c7b U8G2/u8x8_cad.o
 .debug_loc     0x0004d825      0x588 U8G2/u8x8_display.o
 .debug_loc     0x0004ddad      0x7c1 U8G2/u8x8_d_ssd1306_128x64_noname.o
 .debug_loc     0x0004e56e       0x68 U8G2/u8x8_gpio.o
 .debug_loc     0x0004e5d6      0x2df U8G2/u8x8_setup.o

.debug_macinfo
 *(.debug_macinfo)

.debug_weaknames
 *(.debug_weaknames)

.debug_funcnames
 *(.debug_funcnames)

.debug_typenames
 *(.debug_typenames)

.debug_varnames
 *(.debug_varnames)

.debug_pubtypes
 *(.debug_pubtypes)

.debug_ranges   0x00000000     0x20f0
 *(.debug_ranges)
 .debug_ranges  0x00000000       0x28 distanceSensor.o
 .debug_ranges  0x00000028       0x20 main.o
 .debug_ranges  0x00000048       0xf8 screenController.o
 .debug_ranges  0x00000140       0x48 U8G2/avr-hw-i2c/twimastertimeout.o
 .debug_ranges  0x00000188       0x28 U8G2/u8g2_box.o
 .debug_ranges  0x000001b0       0x68 U8G2/u8g2_buffer.o
 .debug_ranges  0x00000218       0x48 U8G2/u8g2_circle.o
 .debug_ranges  0x00000260      0x458 U8G2/u8g2_d_memory.o
 .debug_ranges  0x000006b8     0x13b8 U8G2/u8g2_d_setup.o
 .debug_ranges  0x00001a70      0x240 U8G2/u8g2_font.o
 .debug_ranges  0x00001cb0       0x38 U8G2/u8g2_hvline.o
 .debug_ranges  0x00001ce8       0x18 U8G2/u8g2_intersection.o
 .debug_ranges  0x00001d00       0x18 U8G2/u8g2_ll_hvline.o
 .debug_ranges  0x00001d18       0xb0 U8G2/u8g2_setup.o
 .debug_ranges  0x00001dc8       0xd8 U8G2/u8x8_8x8.o
 .debug_ranges  0x00001ea0       0x18 U8G2/u8x8_avr.o
 .debug_ranges  0x00001eb8       0xa0 U8G2/u8x8_byte.o
 .debug_ranges  0x00001f58       0xb0 U8G2/u8x8_cad.o
 .debug_ranges  0x00002008       0x70 U8G2/u8x8_display.o
 .debug_ranges  0x00002078       0x40 U8G2/u8x8_d_ssd1306_128x64_noname.o
 .debug_ranges  0x000020b8       0x10 U8G2/u8x8_gpio.o
 .debug_ranges  0x000020c8       0x28 U8G2/u8x8_setup.o

.debug_macro
 *(.debug_macro)
OUTPUT(RobotCar.elf elf32-avr)
LOAD linker stubs
